[backblue.gif]
[fade.gif]
[index.html]
[ckthemes.com/html/smartbox/assets/images/favicon.png]
[ckthemes.com/html/smartbox/assets/js/modernizr.min.js]
[ckthemes.com/html/smartbox/assets/images/m-logo.png]
[ckthemes.com/html/smartbox/assets/images/users/avatar-1.jpg]
[ckthemes.com/html/smartbox/assets/images/users/avatar-2.jpg]
[ckthemes.com/html/smartbox/assets/images/users/avatar-3.jpg]
[ckthemes.com/html/smartbox/assets/images/logo-2.png]
[ckthemes.com/html/smartbox/assets/js/jquery.min.js]
[ckthemes.com/html/smartbox/assets/js/bootstrap.min.js]
[ckthemes.com/html/smartbox/assets/js/pace.min.js]
[ckthemes.com/html/smartbox/assets/js/loader.js]
[ckthemes.com/html/smartbox/assets/js/detect.js]
[ckthemes.com/html/smartbox/assets/js/fastclick.js]
[ckthemes.com/html/smartbox/assets/js/waves.js]
[ckthemes.com/html/smartbox/assets/js/jquery.slimscroll.js]
[ckthemes.com/html/smartbox/assets/js/jquery.nicescroll.js]
[ckthemes.com/html/smartbox/assets/js/jquery.scrollTo.min.js]
[ckthemes.com/html/smartbox/assets/pages/jquery.todo.js]
[ckthemes.com/html/smartbox/assets/plugins/moment/moment.js]
[ckthemes.com/html/smartbox/assets/plugins/morris/morris.min.js]
[ckthemes.com/html/smartbox/assets/plugins/raphael/raphael-min.js]
[ckthemes.com/html/smartbox/assets/plugins/jquery-sparkline/jquery.sparkline.min.js]
[ckthemes.com/html/smartbox/assets/pages/jquery.charts-sparkline.js]
[ckthemes.com/html/smartbox/assets/js/jquery.app.js]
[ckthemes.com/html/smartbox/assets/js/cb-chart.js]
[ckthemes.com/html/smartbox/dashboard.html]
[ckthemes.com/html/smartbox/assets/plugins/morris/morris.css]
[ckthemes.com/html/smartbox/assets/fonts/glyphicons-halflings-regular.eot]
[ckthemes.com/html/smartbox/assets/fonts/glyphicons-halflings-regular.woff2]
[ckthemes.com/html/smartbox/assets/fonts/glyphicons-halflings-regulard41d.eot]
[ckthemes.com/html/smartbox/assets/fonts/glyphicons-halflings-regular.woff]
[ckthemes.com/html/smartbox/assets/fonts/glyphicons-halflings-regular.ttf]
[ckthemes.com/html/smartbox/assets/css/bootstrap.css]
[ckthemes.com/html/smartbox/assets/images/logo.png]
[ckthemes.com/html/smartbox/assets/css/core.css]
[ckthemes.com/html/smartbox/assets/images/event-img1.png]
[ckthemes.com/html/smartbox/assets/images/event-img2.png]
[ckthemes.com/html/smartbox/assets/css/components.css]
[ckthemes.com/html/smartbox/assets/fonts/fontawesome-webfont5b625b62.eot]
[ckthemes.com/html/smartbox/assets/fonts/fontawesome-webfontd41dd41d.eot]
[ckthemes.com/html/smartbox/assets/fonts/fontawesome-webfont5b625b62.woff2]
[ckthemes.com/html/smartbox/assets/fonts/fontawesome-webfont5b625b62.woff]
[ckthemes.com/html/smartbox/assets/fonts/fontawesome-webfont5b625b62.ttf]
[ckthemes.com/html/smartbox/assets/css/icons.css]
[ckthemes.com/html/smartbox/assets/css/pages.css]
[ckthemes.com/html/smartbox/assets/css/responsive.css]
[ckthemes.com/html/smartbox/mailbox.html]
[ckthemes.com/html/smartbox/assets/js/fullcalendar.js]
[ckthemes.com/html/smartbox/calendar.html]
[www.gstatic.com/charts/loader.js]
[ckthemes.com/html/smartbox/404.html]
[ckthemes.com/html/smartbox/blank.html]
[ckthemes.com/html/smartbox/buttons.html]
[ckthemes.com/html/smartbox/assets/images/profile.png]
[ckthemes.com/html/smartbox/assets/js/jquery.circle-diagram.js]
[ckthemes.com/html/smartbox/assets/plugins/bs-datepicker/datepicker.js]
[ckthemes.com/html/smartbox/assets/js/main.js]
[ckthemes.com/html/smartbox/profile.html]
[ckthemes.com/html/smartbox/form-elements.html]
[ckthemes.com/html/smartbox/login.html]
[ckthemes.com/html/smartbox/login2.html]
[ckthemes.com/html/smartbox/assets/js/jquery.flot.js]
[ckthemes.com/html/smartbox/assets/js/jquery.flot.pie.js]
[ckthemes.com/html/smartbox/chart.html]
[ckthemes.com/html/smartbox/assets/fonts/glyphicons-halflings-regular.svg]
[ckthemes.com/html/smartbox/assets/js/wow.min.js]
[www.ckthemes.com/html/smartbox/assets/images/download.html]
[www.ckthemes.com/html/smartbox/assets/images/big/bg.html]
[ckthemes.com/html/smartbox/assets/fonts/fontawesome-webfont5b625b62.svg]
[ckthemes.com/html/smartbox/assets/plugins/bs-datepicker/datepicker.css]
[ckthemes.com/html/smartbox/tables.html]
[ckthemes.com/html/smartbox/assets/images/bg.jpg]
